// Jest Snapshot v1, https://goo.gl/fbAQLP

exports[`<Footer /> renders the <Footer /> with populated data 1`] = `
<div
  class="footer__Container-qu6i6-0 cyHgzK"
>
  <p
    class="footer__Title-qu6i6-4 ctavuJ"
  >
     
    Questions? Contact us.
     
  </p>
  <p
    class="footer__Break-qu6i6-6 cSuQKC"
  >
     
     
  </p>
  <div
    class="footer__Row-qu6i6-2 eQpqDY"
  >
     
    <div
      class="footer__Column-qu6i6-1 jAYoWp"
    >
       
      <a
        class="footer__Link-qu6i6-3 iRyBkK"
      >
         
        FAQ
         
      </a>
      <a
        class="footer__Link-qu6i6-3 iRyBkK"
      >
         
        Investor Relations
         
      </a>
      <a
        class="footer__Link-qu6i6-3 iRyBkK"
      >
         
        Ways to Watch
         
      </a>
      <a
        class="footer__Link-qu6i6-3 iRyBkK"
      >
         
        Corporate Information
         
      </a>
      <a
        class="footer__Link-qu6i6-3 iRyBkK"
      >
         
        Netflix Originals
         
      </a>
       
    </div>
    <div
      class="footer__Column-qu6i6-1 jAYoWp"
    >
       
      <a
        class="footer__Link-qu6i6-3 iRyBkK"
      >
         
        Help center
         
      </a>
      <a
        class="footer__Link-qu6i6-3 iRyBkK"
      >
         
        Terms of use
         
      </a>
      <a
        class="footer__Link-qu6i6-3 iRyBkK"
      >
         
        Jobs
         
      </a>
      <a
        class="footer__Link-qu6i6-3 iRyBkK"
      >
         
        Contact us
         
      </a>
       
    </div>
    <div
      class="footer__Column-qu6i6-1 jAYoWp"
    >
       
      <a
        class="footer__Link-qu6i6-3 iRyBkK"
      >
         
        Account
         
      </a>
      <a
        class="footer__Link-qu6i6-3 iRyBkK"
      >
         
        Redeem Gift Cards
         
      </a>
      <a
        class="footer__Link-qu6i6-3 iRyBkK"
      >
         
        Privacy
         
      </a>
      <a
        class="footer__Link-qu6i6-3 iRyBkK"
      >
         
        Speed Test
         
      </a>
       
    </div>
    <div
      class="footer__Column-qu6i6-1 jAYoWp"
    >
       
      <a
        class="footer__Link-qu6i6-3 iRyBkK"
      >
         
        Media Center
         
      </a>
      <a
        class="footer__Link-qu6i6-3 iRyBkK"
      >
         
        Buy Gift Cards
         
      </a>
      <a
        class="footer__Link-qu6i6-3 iRyBkK"
      >
         
        Cookies Preferences
         
      </a>
      <a
        class="footer__Link-qu6i6-3 iRyBkK"
      >
         
        Legal Notice
         
      </a>
       
    </div>
     
  </div>
  <p
    class="footer__Break-qu6i6-6 cSuQKC"
  >
     
     
  </p>
  <p
    class="footer__Text-qu6i6-5 bAqYDB"
  >
     
    Netflix United States
     
  </p>
</div>
`;
